Command Line History:

C:\Users\Seimon> D:

D:\> cd college bsit/version-control/task2

D:\COLLEGE BSIT\Version-Control\Task2>git init
Reinitialized existing Git repository in D:/COLLEGE BSIT/Version-Control/Task2/.git/

D:\COLLEGE BSIT\Version-Control\Task2>git status
On branch master
Your branch is up to date with 'origin/master'.

Untracked files:
  (use "git add <file>..." to include in what will be committed)
        Sixth-Day/

nothing added to commit but untracked files present (use "git add" to track)

D:\COLLEGE BSIT\Version-Control\Task2>git add .

D:\COLLEGE BSIT\Version-Control\Task2>git fetch origin

D:\COLLEGE BSIT\Version-Control\Task2>git fetch origin master
From https://github.com/FumI4096/Progress
 * branch            master     -> FETCH_HEAD

D:\COLLEGE BSIT\Version-Control\Task2>git commit -m "Added sixth day folder"
[master 84fe77e] Added sixth day folder
 1 file changed, 51 insertions(+)
 create mode 100644 Sixth-Day/No-progress-due-to-school-works.txt

D:\COLLEGE BSIT\Version-Control\Task2>git push -u origin master
Enumerating objects: 3, done.
Counting objects: 100% (3/3), done.
Delta compression using up to 8 threads
Compressing objects: 100% (2/2), done.
Writing objects: 100% (2/2), 248 bytes | 248.00 KiB/s, done.
Total 2 (delta 1), reused 0 (delta 0), pack-reused 0
remote: Resolving deltas: 100% (1/1), completed with 1 local object.
To https://github.com/FumI4096/Progress.git
   c63a456..84fe77e  master -> master
branch 'master' set up to track 'origin/master'.
